<html>
<body>
<pre>
<h1>µVision Build Log</h1>
<h2>Tool Versions:</h2>
IDE-Version: ¦ÌVision V5.29.0.0
Copyright (C) 2019 ARM Ltd and ARM Germany GmbH. All rights reserved.
License Information: cc cc, cc, LIC=76F5U-SBIZP-LQQ0Q-NC3V5-NQ06L-0Y0CR
 
Tool Versions:
Toolchain:       MDK-ARM Plus  Version: 5.29.0.0
Toolchain Path:  C:\Keil_v5\ARM\ARMCC\Bin
C Compiler:      Armcc.exe V5.06 update 6 (build 750)
Assembler:       Armasm.exe V5.06 update 6 (build 750)
Linker/Locator:  ArmLink.exe V5.06 update 6 (build 750)
Library Manager: ArmAr.exe V5.06 update 6 (build 750)
Hex Converter:   FromElf.exe V5.06 update 6 (build 750)
CPU DLL:         SARMCM3.DLL V5.29.0.0
Dialog DLL:      DARMCM1.DLL V1.19.2.0
Target DLL:      STLink\ST-LINKIII-KEIL_SWO.dll V3.0.7.0
Dialog DLL:      TARMCM1.DLL V1.14.1.0
 
<h2>Project:</h2>
C:\Users\cc\Desktop\STM32F030F4P6\Project\Power.uvprojx
Project File Date:  04/03/2020

<h2>Output:</h2>
*** Using Compiler 'V5.06 update 6 (build 750)', folder: 'C:\Keil_v5\ARM\ARMCC\Bin'
Build target 'Power'
compiling main.c...
..\User\main.c(56): warning:  #177-D: variable "Tempi"  was declared but never referenced
  	uint8_t Tempi;
..\User\main.c(57): warning:  #177-D: variable "ADValue"  was declared but never referenced
  	int32_t ADValue;
..\User\main.c(58): warning:  #177-D: variable "Votage"  was declared but never referenced
  	float Votage;
..\User\main.c(59): warning:  #177-D: variable "VotageTemp"  was declared but never referenced
  	uint16_t VotageTemp;
..\User\main.c(60): warning:  #177-D: variable "TobjTemp"  was declared but never referenced
  	uint16_t TobjTemp;
..\User\main.c(61): warning:  #177-D: variable "NTCADValue"  was declared but never referenced
  	uint16_t NTCADValue;
..\User\main.c(62): warning:  #177-D: variable "NTCTemp"  was declared but never referenced
  	uint8_t NTCTemp;
..\User\main.c(63): warning:  #177-D: variable "BATADValue"  was declared but never referenced
  	uint16_t BATADValue;
..\User\main.c(64): warning:  #177-D: variable "NTCVotage"  was declared but never referenced
  	uint16_t NTCVotage;
..\User\main.c(65): warning:  #177-D: variable "PowerKeyFalg"  was declared but never referenced
  	bool PowerKeyFalg;
..\User\main.c: 10 warnings, 0 errors
compiling oled.c...
linking...
Program Size: Code=14436 RO-data=40400 RW-data=72 ZI-data=1024  
FromELF: creating hex file...
".\Objects\Power.axf" - 0 Error(s), 10 Warning(s).

<h2>Software Packages used:</h2>

Package Vendor: Keil
                http://www.keil.com/pack/Keil.STM32F0xx_DFP.2.0.0.pack
                Keil.STM32F0xx_DFP.2.0.0
                STMicroelectronics STM32F0 Series Device Support, Drivers and Examples

<h2>Collection of Component include folders:</h2>
  .\RTE\_Power
  C:\Users\cc\AppData\Local\Arm\Packs\Keil\STM32F0xx_DFP\2.0.0\Drivers\CMSIS\Device\ST\STM32F0xx\Include

<h2>Collection of Component Files used:</h2>
Build Time Elapsed:  00:00:01
</pre>
</body>
</html>
