<html>
<body>
<pre>
<h1>礦ision Build Log</h1>
<h2>Tool Versions:</h2>
IDE-Version: μVision V5.14.0.0
Copyright (C) 2015 ARM Ltd and ARM Germany GmbH. All rights reserved.
License Information: c ming, 1, LIC=FQQCX-HY0NX-77WRP-M6X3P-RX7RF-XMUI8
 
Tool Versions:
Toolchain:       MDK-ARM Professional  Version: 5.14.0.0
Toolchain Path:  C:\Keil_v5\ARM\ARMCC\Bin
C Compiler:      Armcc.exe V5.05 update 1 (build 106)
Assembler:       Armasm.exe V5.05 update 1 (build 106)
Linker/Locator:  ArmLink.exe V5.05 update 1 (build 106)
Library Manager: ArmAr.exe V5.05 update 1 (build 106)
Hex Converter:   FromElf.exe V5.05 update 1 (build 106)
CPU DLL:         SARMCM3.DLL V5.14.0.0
Dialog DLL:      DARMCM1.DLL V1.12.0.0
Target DLL:      STLink\ST-LINKIII-KEIL_SWO.dll V2.0.14.0_KEIL
Dialog DLL:      TARMCM1.DLL V1.9.0.0
 
<h2>Project:</h2>
E:\3我的坚果云\直流可调电源\STM32F030F4P6\Project\Power.uvprojx
Project File Date:  12/18/2019

<h2>Output:</h2>
Build target 'Power'
compiling main.c...
linking...
Program Size: Code=4680 RO-data=212 RW-data=96 ZI-data=1024  
FromELF: creating hex file...
".\Objects\Power.axf" - 0 Error(s), 0 Warning(s).

<h2>Collection of Component include folders:</h2>
  E:\3我的坚果云\直流可调电源\STM32F030F4P6\Project\RTE
  C:\Keil_v5\ARM\PACK\Keil\STM32F0xx_DFP\2.0.0

<h2>Collection of Component Files used:</h2>
</pre>
</body>
</html>
